✓ Initialized. View run at 
https://modal.com/apps/ryanabraham1738/main/ap-BZcXyLJUOtzFyFd3KxefAg
✓ Created objects.
├── 🔨 Created mount 
│   /Users/ryanabraham/Downloads/vgrep3d_extracted/modal/run_gsplat_train.py
└── 🔨 Created function train_gsplat.

==========
== CUDA ==
==========

CUDA Version 12.4.1

Container image Copyright (c) 2016-2023, NVIDIA CORPORATION & AFFILIATES. All rights reserved.

This container image and its contents are governed by the NVIDIA Deep Learning Container License.
By pulling and using the container, you accept the terms and conditions of this license:
https://developer.nvidia.com/ngc/nvidia-deep-learning-container-license

A copy of this license is made available in this container at /NGC-DL-CONTAINER-LICENSE for your convenience.

[gsplat] 293 images, training for 7000 steps
[gsplat] $ python examples/simple_trainer.py default --data_dir /tmp/gsplat_data --data_factor 1 --result_dir /tmp/gsplat_result --max_steps 7000 --disable_viewer
Traceback (most recent call last):
  File "/root/gsplat_src/examples/simple_trainer.py", line 16, in <module>
    import viser
ModuleNotFoundError: No module named 'viser'
Traceback (most recent call last):
Stopping app - uncaught exception raised locally: RuntimeError('command failed with exit code 1: python examples/simple_trainer.py default --data_dir /tmp/gsplat_data --data_factor 1 --result_dir /tmp/gsplat_result --max_steps 7000 --disable_viewer').
  File "/pkg/modal/_runtime/container_io_manager.py", line 977, in handle_input_exception
    yield
  File "/pkg/modal/_container_entrypoint.py", line 187, in run_input_sync
    values = io_context.call_function_sync()
             ^^^^^^^^^^^^^^^^^^^^^^^^^^^^^^^
  File "/pkg/modal/_runtime/container_io_manager.py", line 265, in call_function_sync
    expected_value_or_values = self.finalized_function.callable(*args, **kwargs)
                               ^^^^^^^^^^^^^^^^^^^^^^^^^^^^^^^^^^^^^^^^^^^^^^^^^
  File "/root/run_gsplat_train.py", line 101, in train_gsplat
    _stream_run([
  File "/root/run_gsplat_train.py", line 60, in _stream_run
    raise RuntimeError(f"command failed with exit code {proc.returncode}: "
RuntimeError: command failed with exit code 1: python examples/simple_trainer.py default --data_dir /tmp/gsplat_data --data_factor 1 --result_dir /tmp/gsplat_result --max_steps 7000 --disable_viewer
╭──────────────────── Traceback (most recent call last) ─────────────────────╮
│ /Users/ryanabraham/Downloads/vgrep3d_extracted/modal/run_gsplat_train.py:1 │
│ 28 in main                                                                 │
│                                                                            │
│   127 def main(scene: str = "driving_test", max_steps: int = 7000, data_fa │
│ ❱ 128 │   result = train_gsplat.remote(scene=scene, max_steps=max_steps, d │
│   129 │   print(f"\nDone: {result['n_checkpoints']} checkpoint(s) at {resu │
│                                                                            │
│ /Library/Frameworks/Python.framework/Versions/3.14/lib/python3.14/site-pac │
│ kages/modal/_object.py:46 in wrapped                                       │
│                                                                            │
│    45 │   │   await self.hydrate()                                         │
│ ❱  46 │   │   return await method(self, *args, **kwargs)                   │
│    47                                                                      │
│                                                                            │
│ /Library/Frameworks/Python.framework/Versions/3.14/lib/python3.14/site-pac │
│ kages/modal/_functions.py:1841 in remote                                   │
│                                                                            │
│   1840 │   │                                                               │
│ ❱ 1841 │   │   return await self._call_function(args, kwargs)              │
│   1842                                                                     │
│                                                                            │
│ /Library/Frameworks/Python.framework/Versions/3.14/lib/python3.14/site-pac │
│ kages/modal/_functions.py:1778 in _call_function                           │
│                                                                            │
│   1777 │   │                                                               │
│ ❱ 1778 │   │   return await invocation.run_function()                      │
│   1779                                                                     │
│                                                                            │
│ /Library/Frameworks/Python.framework/Versions/3.14/lib/python3.14/site-pac │
│ kages/modal/_functions.py:502 in run_function                              │
│                                                                            │
│    501 │   │   │   # No more retries left.                                 │
│ ❱  502 │   │   │   return await _process_result(                           │
│    503 │   │   │   │   await_response.output.result, await_response.output │
│                                                                            │
│ /Library/Frameworks/Python.framework/Versions/3.14/lib/python3.14/site-pac │
│ kages/modal/_utils/function_utils.py:572 in _process_result                │
│                                                                            │
│   571 │   │   │                                                            │
│ ❱ 572 │   │   │   raise exc_with_hints(exc)                                │
│   573                                                                      │
│                                                                            │
│    ...Remote call to Modal Function (ta-01M0KEK53Q2YQSZ4JMSSTVPZQR)...     │
│                                                                            │
│ /root/run_gsplat_train.py:101 in train_gsplat                              │
│                                                                            │
│ ❱ 101 _stream_run([                                                        │
│                                                                            │
│                                                                            │
│ /root/run_gsplat_train.py:60 in _stream_run                                │
│                                                                            │
│ ❱ 60 raise RuntimeError(f"command failed with exit code {proc.returncode}: │
│                                                                            │
╰────────────────────────────────────────────────────────────────────────────╯
RuntimeError: command failed with exit code 1: python 
examples/simple_trainer.py default --data_dir /tmp/gsplat_data --data_factor 1
--result_dir /tmp/gsplat_result --max_steps 7000 --disable_viewer
